[www.tareequljannah.com/mytjhome.html]
[backblue.gif]
[fade.gif]
[index.html]
[www.tareequljannah.com/resources/newassets/styles/bootstrap.min.css]
[cdnjs.cloudflare.com/ajax/libs/font-awesome/5.10.2/css/all.css]
[www.tareequljannah.com/resources/newassets/styles/style.css]
[www.tareequljannah.com/resources/newassets/styles/uikit.css]
[www.tareequljannah.com/resources/newassets/styles/global.css]
[www.tareequljannah.com/resources/newassets/styles/materialize.css]
[www.tareequljannah.com/resources/newassets/scripts/uikit-icons.min.js]
[www.tareequljannah.com/resources/newassets/styles/style_blue.css]
[www.tareequljannah.com/resources/newassets/styles/style_orange.css]
[www.tareequljannah.com/resources/newassets/scripts/uikit.js]
[www.tareequljannah.com/resources/newassets/images/logo.png]
[www.tareequljannah.com/resources/newassets/images/callmale.png]
[www.tareequljannah.com/resources/newassets/images/whatsapp.png]
[www.tareequljannah.com/Student.html]
[www.tareequljannah.com/Teacher.html]
[www.tareequljannah.com/RegisterMe.html]
[www.tareequljannah.com/resources/newassets/images/video2.mp4]
[www.tareequljannah.com/resources/newassets/images/why/democlassess.png]
[www.tareequljannah.com/resources/newassets/images/why/moneyback.png]
[www.tareequljannah.com/resources/newassets/images/why/certified.png]
[www.tareequljannah.com/resources/newassets/images/why/24hrs.png]
[www.tareequljannah.com/resources/newassets/images/courses/quran_courses.jpg]
[www.tareequljannah.com/resources/newassets/images/courses/islamic_studies.jpg]
[www.tareequljannah.com/resources/newassets/images/courses/arabic_courses.jpg]
[www.tareequljannah.com/resources/newassets/images/courses/ijaazah_programs.jpg]
[www.tareequljannah.com/resources/newassets/images/videos/1.png]
[www.tareequljannah.com/resources/newassets/images/videos/2.png]
[www.tareequljannah.com/resources/newassets/images/videos/3.png]
[www.tareequljannah.com/resources/newassets/images/videos/4.png]
[www.tareequljannah.com/resources/newassets/images/man.png]
[www.tareequljannah.com/resources/newassets/images/hire.png]
[www.tareequljannah.com/resources/newassets/images/testiwomen.png]
[www.tareequljannah.com/resources/newassets/images/testiman.png]
[www.tareequljannah.com/resources/newassets/images/googleplay.png]
[www.tareequljannah.com/resources/newassets/images/iosapp.png]
[www.tareequljannah.com/STC.html]
[www.tareequljannah.com/resources/newassets/images/visa.jpg]
[www.tareequljannah.com/resources/newassets/images/discover.jpg]
[www.tareequljannah.com/resources/newassets/images/mastercard.jpg]
[www.tareequljannah.com/resources/newassets/images/paypal.jpg]
[www.tareequljannah.com/resources/newassets/scripts/jquery-2.2.3.min.js]
[www.tareequljannah.com/resources/newassets/scripts/materialize.min.js]
[www.tareequljannah.com/resources/newassets/scripts/common.js]
[www.tareequljannah.com/mytjhome.html]
[www.tareequljannah.com/resources/newassets/styles/bootstrap.min.css]
[cdnjs.cloudflare.com/ajax/libs/font-awesome/5.10.2/css/all.css]
[www.tareequljannah.com/resources/newassets/styles/uikit.css]
[www.tareequljannah.com/resources/newassets/scripts/bootstrap.min.js]
[www.tareequljannah.com/resources/newassets/styles/responsive.css]
[www.tareequljannah.com/index.html]
[www.tareequljannah.com/resources/newassets/images/bg.jpg]
[www.tareequljannah.com/resources/newassets/styles/style.css]
[www.tareequljannah.com/resources/newassets/styles/global.css]
[www.tareequljannah.com/resources/newassets/styles/materialize.css]
[www.tareequljannah.com/resources/newassets/styles/style_blue.css]
[www.tareequljannah.com/resources/newassets/styles/style_orange.css]
[www.tareequljannah.com/Student.html]
[www.tareequljannah.com/RegisterNow.html]
[www.tareequljannah.com/resources/assets/brandnew/css/teacherstyle.css]
[www.tareequljannah.com/resources/assets/brandnew/scripts/teacherapp.js]
[www.tareequljannah.com/Teacher.html]
[code.jquery.com/jquery-3.3.1.min.js]
[maxcdn.bootstrapcdn.com/bootstrap/3.3.7/css/bootstrap.min.css]
[ajax.googleapis.com/ajax/libs/jquery/3.2.1/jquery.min.js]
[maxcdn.bootstrapcdn.com/bootstrap/3.3.7/js/bootstrap.min.js]
[www.google.com/recaptcha/api.js]
[www.tareequljannah.com/resources/core/css/bootstrap.min.css]
[www.tareequljannah.com/resources/assets/images/logo.png]
[www.tareequljannah.com/resources/core/js/jquery-3.2.1.min.js]
[www.tareequljannah.com/RegisterMe.html]
[www.tareequljannah.com/StudentSignIn.html]
[www.tareequljannah.com/resources/assets/css/jquery.simple-dtpicker.css]
[cdnjs.cloudflare.com/ajax/libs/bootstrap-datetimepicker/4.17.37/css/bootstrap-datetimepicker.min.css]
[www.tareequljannah.com/resources/assets/js/jquery.simple-dtpicker.js]
[www.tareequljannah.com/resources/assets/css/bootstrap.min.css]
[www.tareequljannah.com/resources/assets/css/font-awesome.min.css]
[www.tareequljannah.com/resources/assets/css/jquery.fs.boxer.css]
[www.tareequljannah.com/resources/assets/css/linecons-font-style.css]
[www.tareequljannah.com/resources/assets/css/owl.carousel.css]
[www.tareequljannah.com/resources/assets/css/content_slider_style.css]
[www.tareequljannah.com/resources/assets/css/animate.css]
[www.tareequljannah.com/resources/assets/css/style.css]
[www.tareequljannah.com/resources/assets/css/responsive.css]
[www.tareequljannah.com/resources/assets/js/modernizr-2.8.0.min.js]
[www.tareequljannah.com/resources/assets/js/jquery-2.1.0.min.js]
[www.tareequljannah.com/resources/assets/js/email-validation.js]
[www.tareequljannah.com/resources/assets/js/plugins.js]
[www.tareequljannah.com/resources/assets/js/functions.js]
[www.tareequljannah.com/resources/assets/js/jquery.parallax.js]
[www.tareequljannah.com/resources/assets/js/wow.min.js]
[www.tareequljannah.com/resources/assets/js/jquery.content_slider.min.js]
[www.tareequljannah.com/resources/assets/js/jquery.mousewheel.js]
[www.tareequljannah.com/STC.html]
[www.tareequljannah.com/resources/assets/js/gmap3.js]
[www.tareequljannah.com/index.html]
[www.tareequljannah.com/RegisterNow.html]
[code.jquery.com/jquery-1.11.1.min.js]
[www.tareequljannah.com/resources/assets/brandnew/images/TeacherLoginBG.jpg]
[www.tareequljannah.com/resources/assets/brandnew/css/teacherstyle.css]
[maxcdn.bootstrapcdn.com/bootstrap/3.3.7/css/bootstrap.min.css]
[assets-cdn.github.com/assets/frameworks-73720f027bb317fceb118c259275da4be5efa344c246a12341a68c3168ceeaa7.5a.delayed]
[assets-cdn.github.com/assets/github-471cc24f410f45eb614e05e14f119e7ae78512a75a35792c9cfd6e203272b658.5b.delayed]
[www.tareequljannah.com/resources/core/css/bootstrap.min.css]
[www.tareequljannah.com/resources/core/css/hello.html]
[www.tareequljannah.com/StudentSignIn.html]
[www.tareequljannah.com/resources/assets/css/jquery.simple-dtpicker.css]
[cdnjs.cloudflare.com/ajax/libs/bootstrap-datetimepicker/4.17.37/css/bootstrap-datetimepicker.min.css]
[www.tareequljannah.com/resources/assets/css/bootstrap.min.css]
[www.tareequljannah.com/ForgetPasscode.html]
[www.tareequljannah.com/resources/assets/fonts/fontawesome-webfontba72.eot]
[www.tareequljannah.com/resources/assets/fonts/fontawesome-webfontd41d.eot]
[www.tareequljannah.com/resources/assets/fonts/fontawesome-webfontba72.woff]
[www.tareequljannah.com/resources/assets/fonts/fontawesome-webfontba72.ttf]
[www.tareequljannah.com/resources/assets/css/font-awesome.min.css]
[www.tareequljannah.com/resources/assets/fonts/linecons.eot]
[www.tareequljannah.com/resources/assets/css/linecons-font-style.css]
[www.tareequljannah.com/resources/assets/images/jquery.fs.boxer-icons.png]
[www.tareequljannah.com/resources/assets/images/jquery.fs.boxer-loading.gif]
[www.tareequljannah.com/resources/assets/images/jquery.fs.boxer-loading-dark.gif]
[www.tareequljannah.com/resources/assets/css/jquery.fs.boxer.css]
[www.tareequljannah.com/resources/assets/images/grabbing.png]
[www.tareequljannah.com/resources/assets/css/owl.carousel.css]
[www.tareequljannah.com/resources/assets/css/content_slider_style.css]
[www.tareequljannah.com/resources/assets/css/animate.css]
[www.tareequljannah.com/resources/assets/images/pattern.png]
[www.tareequljannah.com/resources/assets/images/background/top-section-bg.jpg]
[www.tareequljannah.com/resources/assets/images/background/page-name-bg.jpg]
[www.tareequljannah.com/resources/assets/images/background/video-section-bg.jpg]
[www.tareequljannah.com/resources/assets/images/background/quality-bg.jpg]
[www.tareequljannah.com/resources/assets/images/background/testimonial-bg.jpg]
[www.tareequljannah.com/resources/assets/images/background/subscribe-bg.jpg]
[www.tareequljannah.com/resources/assets/images/background/footer-bg.jpg]
[www.tareequljannah.com/resources/assets/css/style.css]
[www.tareequljannah.com/resources/assets/css/responsive.css]
[www.tareequljannah.com/resources/core/fonts/glyphicons-halflings-regular.html]
[www.tareequljannah.com/resources/core/fonts/glyphicons-halflings-regulard41d.html]
[www.tareequljannah.com/resources/core/fonts/glyphicons-halflings-regular-2.html]
[www.tareequljannah.com/resources/core/fonts/glyphicons-halflings-regular-3.html]
[www.tareequljannah.com/resources/core/fonts/glyphicons-halflings-regular-4.html]
[www.tareequljannah.com/resources/core/fonts/glyphicons-halflings-regular-5.html]
[assets-cdn.github.com/assets/frameworks-73720f027bb317fceb118c259275da4be5efa344c246a12341a68c3168ceeaa7.html]
[assets-cdn.github.com/assets/github-471cc24f410f45eb614e05e14f119e7ae78512a75a35792c9cfd6e203272b658.html]
[www.tareequljannah.com/ForgetPasscode.html]
[www.tareequljannah.com/resources/assets/fonts/fontawesome-webfontba72.svg]
[www.tareequljannah.com/resources/assets/images/socials/facebook.html]
[www.tareequljannah.com/resources/assets/images/socials/twitter.html]
[www.tareequljannah.com/resources/assets/images/socials/pinterest.html]
[www.tareequljannah.com/resources/assets/images/socials/gplus.html]
[www.tareequljannah.com/resources/assets/images/socials/youtube.html]
[www.tareequljannah.com/resources/assets/images/socials/linkedin.html]
[www.tareequljannah.com/resources/assets/images/socials/envato.html]
[www.tareequljannah.com/resources/assets/images/socials/deviant.html]
[www.tareequljannah.com/resources/assets/images/social-1/facebook.html]
[www.tareequljannah.com/resources/assets/images/social-1/twitter.html]
[www.tareequljannah.com/resources/assets/images/social-1/pinterest.html]
[www.tareequljannah.com/resources/assets/images/social-1/gplus.html]
[www.tareequljannah.com/resources/assets/images/social-1/youtube.html]
[www.tareequljannah.com/resources/assets/images/social-1/linkedin.html]
[www.tareequljannah.com/resources/assets/images/social-1/envato.html]
[www.tareequljannah.com/resources/assets/images/social-1/deviant.html]
[www.tareequljannah.com/resources/assets/images/social-2/facebook.html]
[www.tareequljannah.com/resources/assets/images/social-2/twitter.html]
[www.tareequljannah.com/resources/assets/images/social-2/pinterest.html]
[www.tareequljannah.com/resources/assets/images/social-2/gplus.html]
[www.tareequljannah.com/resources/assets/images/social-2/youtube.html]
[www.tareequljannah.com/resources/assets/images/social-2/linkedin.html]
[www.tareequljannah.com/resources/assets/images/social-2/envato.html]
[www.tareequljannah.com/resources/assets/images/social-2/deviant.html]
[www.tareequljannah.com/resources/assets/images/social-3/facebook.html]
[www.tareequljannah.com/resources/assets/images/social-3/twitter.html]
[www.tareequljannah.com/resources/assets/images/social-3/pinterest.html]
[www.tareequljannah.com/resources/assets/images/social-3/gplus.html]
[www.tareequljannah.com/resources/assets/images/social-3/youtube.html]
[www.tareequljannah.com/resources/assets/images/social-3/linkedin.html]
[www.tareequljannah.com/resources/assets/images/social-3/envato.html]
[www.tareequljannah.com/resources/assets/images/social-3/deviant.html]
[www.tareequljannah.com/resources/assets/images/social-4/facebook.html]
[www.tareequljannah.com/resources/assets/images/social-4/twitter.html]
[www.tareequljannah.com/resources/assets/images/social-4/pinterest.html]
[www.tareequljannah.com/resources/assets/images/social-4/gplus.html]
[www.tareequljannah.com/resources/assets/images/social-4/youtube.html]
[www.tareequljannah.com/resources/assets/images/social-4/linkedin.html]
[www.tareequljannah.com/resources/assets/images/social-4/envato.html]
[www.tareequljannah.com/resources/assets/images/social-4/deviant.html]
